PS D:\chatbot> cd backend
PS D:\chatbot\backend> uvicorn app:app --host 0.0.0.0 --port 8000
INFO:     Started server process [14896]
INFO:     Waiting for application startup.
INFO:     Application startup complete.
ERROR:    [Errno 10048] error while attempting to bind on address ('0.0.0.0', 8000): [winerror 10048] only one usage of each socket address (protocol/network address/port) is normally permitted
INFO:     Waiting for application shutdown.
INFO:     Application shutdown complete.
PS D:\chatbot\backend> netstat -aon | findstr :8000
  TCP    0.0.0.0:8000           0.0.0.0:0              LISTENING       28096
PS D:\chatbot\backend> taskkill /PID 28096 /F
SUCCESS: The process with PID 28096 has been terminated.
PS D:\chatbot\backend> uvicorn app:app --host 0.0.0.0 --port 8000
INFO:     Started server process [30888]
INFO:     Waiting for application startup.
INFO:     Application startup complete.
INFO:     Uvicorn running on http://0.0.0.0:8000 (Press CTRL+C to quit)
INFO:     127.0.0.1:51209 - "GET / HTTP/1.1" 200 OK
INFO:     127.0.0.1:51209 - "GET /favicon.ico HTTP/1.1" 404 Not Found
INFO:     127.0.0.1:51347 - "OPTIONS / HTTP/1.1" 200 OK
INFO:     127.0.0.1:51347 - "POST / HTTP/1.1" 405 Method Not Allowed
INFO:     127.0.0.1:51349 - "POST / HTTP/1.1" 405 Method Not Allowed
INFO:     127.0.0.1:51349 - "POST / HTTP/1.1" 405 Method Not Allowed
INFO:     127.0.0.1:51350 - "OPTIONS /ask HTTP/1.1" 200 OK
INFO:     127.0.0.1:51350 - "POST /ask HTTP/1.1" 200 OK
INFO:     127.0.0.1:51363 - "GET / HTTP/1.1" 200 OK
INFO:     127.0.0.1:51355 - "POST /ask HTTP/1.1" 200 OK
INFO:     127.0.0.1:51371 - "POST /ask HTTP/1.1" 200 OK